../Core/Src/main.c:94:6:HAL_TIM_PeriodElapsedCallback	16	static
../Core/Src/main.c:108:5:main	24	static
../Core/Src/main.c:238:6:SystemClock_Config	72	static
../Core/Src/main.c:278:13:MX_I2C2_Init	8	static
../Core/Src/main.c:312:13:MX_SPI1_Init	8	static
../Core/Src/main.c:350:13:MX_TIM2_Init	32	static
../Core/Src/main.c:395:13:MX_GPIO_Init	40	static
../Core/Src/main.c:457:9:checkMENU	16	static
../Core/Src/main.c:497:9:checkSELECT	16	static
../Core/Src/main.c:525:9:checkbuton	24	static
../Core/Src/main.c:554:6:seclectmenu	32	static
../Core/Src/main.c:1718:9:CheckUID	32	static
../Core/Src/main.c:1732:9:CheckListUID	24	static
../Core/Src/main.c:1746:9:checkcountUID	16	static
../Core/Src/main.c:1763:6:adduid	16	static
../Core/Src/main.c:1805:6:checkthe	16	static
../Core/Src/main.c:1881:10:CheckKey	24	static
../Core/Src/main.c:1894:6:removeuid	16	static
../Core/Src/main.c:1898:6:startadd	8	static
../Core/Src/main.c:1939:6:setaddress	16	static
../Core/Src/main.c:1947:6:password_keypad	32	static
../Core/Src/main.c:2039:6:resetflash	16	static
../Core/Src/main.c:2052:6:Error_Handler	4	static,ignoring_inline_asm
