Archive member included to satisfy reference by file (symbol)

D:/STM32_IDE/STM32CubeIDE_1.14.0/STM32CubeIDE/plugins/com.st.stm32cube.ide.mcu.externaltools.gnu-tools-for-stm32.11.3.rel1.win32_1.1.100.202309141235/tools/bin/../lib/gcc/arm-none-eabi/11.3.1/../../../../arm-none-eabi/lib/thumb/v7-m/nofp\libc_nano.a(libc_a-exit.o)
                              D:/STM32_IDE/STM32CubeIDE_1.14.0/STM32CubeIDE/plugins/com.st.stm32cube.ide.mcu.externaltools.gnu-tools-for-stm32.11.3.rel1.win32_1.1.100.202309141235/tools/bin/../lib/gcc/arm-none-eabi/11.3.1/../../../../arm-none-eabi/lib/thumb/v7-m/nofp/crt0.o (exit)
D:/STM32_IDE/STM32CubeIDE_1.14.0/STM32CubeIDE/plugins/com.st.stm32cube.ide.mcu.externaltools.gnu-tools-for-stm32.11.3.rel1.win32_1.1.100.202309141235/tools/bin/../lib/gcc/arm-none-eabi/11.3.1/../../../../arm-none-eabi/lib/thumb/v7-m/nofp\libc_nano.a(libc_a-findfp.o)
                              D:/STM32_IDE/STM32CubeIDE_1.14.0/STM32CubeIDE/plugins/com.st.stm32cube.ide.mcu.externaltools.gnu-tools-for-stm32.11.3.rel1.win32_1.1.100.202309141235/tools/bin/../lib/gcc/arm-none-eabi/11.3.1/../../../../arm-none-eabi/lib/thumb/v7-m/nofp\libc_nano.a(libc_a-exit.o) (__stdio_exit_handler)
D:/STM32_IDE/STM32CubeIDE_1.14.0/STM32CubeIDE/plugins/com.st.stm32cube.ide.mcu.externaltools.gnu-tools-for-stm32.11.3.rel1.win32_1.1.100.202309141235/tools/bin/../lib/gcc/arm-none-eabi/11.3.1/../../../../arm-none-eabi/lib/thumb/v7-m/nofp\libc_nano.a(libc_a-fwalk.o)
                              D:/STM32_IDE/STM32CubeIDE_1.14.0/STM32CubeIDE/plugins/com.st.stm32cube.ide.mcu.externaltools.gnu-tools-for-stm32.11.3.rel1.win32_1.1.100.202309141235/tools/bin/../lib/gcc/arm-none-eabi/11.3.1/../../../../arm-none-eabi/lib/thumb/v7-m/nofp\libc_nano.a(libc_a-findfp.o) (_fwalk_sglue)
D:/STM32_IDE/STM32CubeIDE_1.14.0/STM32CubeIDE/plugins/com.st.stm32cube.ide.mcu.externaltools.gnu-tools-for-stm32.11.3.rel1.win32_1.1.100.202309141235/tools/bin/../lib/gcc/arm-none-eabi/11.3.1/../../../../arm-none-eabi/lib/thumb/v7-m/nofp\libc_nano.a(libc_a-stdio.o)
                              D:/STM32_IDE/STM32CubeIDE_1.14.0/STM32CubeIDE/plugins/com.st.stm32cube.ide.mcu.externaltools.gnu-tools-for-stm32.11.3.rel1.win32_1.1.100.202309141235/tools/bin/../lib/gcc/arm-none-eabi/11.3.1/../../../../arm-none-eabi/lib/thumb/v7-m/nofp\libc_nano.a(libc_a-findfp.o) (__sread)
D:/STM32_IDE/STM32CubeIDE_1.14.0/STM32CubeIDE/plugins/com.st.stm32cube.ide.mcu.externaltools.gnu-tools-for-stm32.11.3.rel1.win32_1.1.100.202309141235/tools/bin/../lib/gcc/arm-none-eabi/11.3.1/../../../../arm-none-eabi/lib/thumb/v7-m/nofp\libc_nano.a(libc_a-memset.o)
                              D:/STM32_IDE/STM32CubeIDE_1.14.0/STM32CubeIDE/plugins/com.st.stm32cube.ide.mcu.externaltools.gnu-tools-for-stm32.11.3.rel1.win32_1.1.100.202309141235/tools/bin/../lib/gcc/arm-none-eabi/11.3.1/../../../../arm-none-eabi/lib/thumb/v7-m/nofp/crt0.o (memset)
D:/STM32_IDE/STM32CubeIDE_1.14.0/STM32CubeIDE/plugins/com.st.stm32cube.ide.mcu.externaltools.gnu-tools-for-stm32.11.3.rel1.win32_1.1.100.202309141235/tools/bin/../lib/gcc/arm-none-eabi/11.3.1/../../../../arm-none-eabi/lib/thumb/v7-m/nofp\libc_nano.a(libc_a-closer.o)
                              D:/STM32_IDE/STM32CubeIDE_1.14.0/STM32CubeIDE/plugins/com.st.stm32cube.ide.mcu.externaltools.gnu-tools-for-stm32.11.3.rel1.win32_1.1.100.202309141235/tools/bin/../lib/gcc/arm-none-eabi/11.3.1/../../../../arm-none-eabi/lib/thumb/v7-m/nofp\libc_nano.a(libc_a-stdio.o) (_close_r)
D:/STM32_IDE/STM32CubeIDE_1.14.0/STM32CubeIDE/plugins/com.st.stm32cube.ide.mcu.externaltools.gnu-tools-for-stm32.11.3.rel1.win32_1.1.100.202309141235/tools/bin/../lib/gcc/arm-none-eabi/11.3.1/../../../../arm-none-eabi/lib/thumb/v7-m/nofp\libc_nano.a(libc_a-reent.o)
                              D:/STM32_IDE/STM32CubeIDE_1.14.0/STM32CubeIDE/plugins/com.st.stm32cube.ide.mcu.externaltools.gnu-tools-for-stm32.11.3.rel1.win32_1.1.100.202309141235/tools/bin/../lib/gcc/arm-none-eabi/11.3.1/../../../../arm-none-eabi/lib/thumb/v7-m/nofp\libc_nano.a(libc_a-closer.o) (errno)
D:/STM32_IDE/STM32CubeIDE_1.14.0/STM32CubeIDE/plugins/com.st.stm32cube.ide.mcu.externaltools.gnu-tools-for-stm32.11.3.rel1.win32_1.1.100.202309141235/tools/bin/../lib/gcc/arm-none-eabi/11.3.1/../../../../arm-none-eabi/lib/thumb/v7-m/nofp\libc_nano.a(libc_a-impure.o)
                              D:/STM32_IDE/STM32CubeIDE_1.14.0/STM32CubeIDE/plugins/com.st.stm32cube.ide.mcu.externaltools.gnu-tools-for-stm32.11.3.rel1.win32_1.1.100.202309141235/tools/bin/../lib/gcc/arm-none-eabi/11.3.1/../../../../arm-none-eabi/lib/thumb/v7-m/nofp\libc_nano.a(libc_a-reent.o) (_impure_ptr)
D:/STM32_IDE/STM32CubeIDE_1.14.0/STM32CubeIDE/plugins/com.st.stm32cube.ide.mcu.externaltools.gnu-tools-for-stm32.11.3.rel1.win32_1.1.100.202309141235/tools/bin/../lib/gcc/arm-none-eabi/11.3.1/../../../../arm-none-eabi/lib/thumb/v7-m/nofp\libc_nano.a(libc_a-lseekr.o)
[...]
Memory Configuration

Name             Origin             Length             Attributes
RAM              0x0000000020000000 0x0000000000005000 xrw
FLASH            0x0000000008000000 0x0000000000010000 xr
*default*        0x0000000000000000 0xffffffffffffffff

Linker script and memory map

LOAD D:/STM32_IDE/STM32CubeIDE_1.14.0/STM32CubeIDE/plugins/com.st.stm32cube.ide.mcu.externaltools.gnu-tools-for-stm32.11.3.rel1.win32_1.1.100.202309141235/tools/bin/../lib/gcc/arm-none-eabi/11.3.1/thumb/v7-m/nofp/crti.o
LOAD D:/STM32_IDE/STM32CubeIDE_1.14.0/STM32CubeIDE/plugins/com.st.stm32cube.ide.mcu.externaltools.gnu-tools-for-stm32.11.3.rel1.win32_1.1.100.202309141235/tools/bin/../lib/gcc/arm-none-eabi/11.3.1/thumb/v7-m/nofp/crtbegin.o
LOAD D:/STM32_IDE/STM32CubeIDE_1.14.0/STM32CubeIDE/plugins/com.st.stm32cube.ide.mcu.externaltools.gnu-tools-for-stm32.11.3.rel1.win32_1.1.100.202309141235/tools/bin/../lib/gcc/arm-none-eabi/11.3.1/../../../../arm-none-eabi/lib/thumb/v7-m/nofp/crt0.o
LOAD ./Core/Src/flash.o
LOAD ./Core/Src/keypad4x4.o
LOAD ./Core/Src/lcd.o
LOAD ./Core/Src/main.o
LOAD ./Core/Src/rc522.o
LOAD ./Core/Src/stm32f1xx_hal_msp.o
LOAD ./Core/Src/stm32f1xx_it.o
LOAD ./Core/Src/syscalls.o
LOAD ./Core/Src/sysmem.o
LOAD ./Core/Src/system_stm32f1xx.o
LOAD ./Core/Startup/startup_stm32f103c8tx.o
LOAD ./Drivers/STM32F1xx_HAL_Driver/Src/stm32f1xx_hal.o
LOAD ./Drivers/STM32F1xx_HAL_Driver/Src/stm32f1xx_hal_cortex.o
LOAD ./Drivers/STM32F1xx_HAL_Driver/Src/stm32f1xx_hal_dma.o
LOAD ./Drivers/STM32F1xx_HAL_Driver/Src/stm32f1xx_hal_exti.o
LOAD ./Drivers/STM32F1xx_HAL_Driver/Src/stm32f1xx_hal_flash.o
LOAD ./Drivers/STM32F1xx_HAL_Driver/Src/stm32f1xx_hal_flash_ex.o
LOAD ./Drivers/STM32F1xx_HAL_Driver/Src/stm32f1xx_hal_gpio.o
LOAD ./Drivers/STM32F1xx_HAL_Driver/Src/stm32f1xx_hal_gpio_ex.o
LOAD ./Drivers/STM32F1xx_HAL_Driver/Src/stm32f1xx_hal_i2c.o
LOAD ./Drivers/STM32F1xx_HAL_Driver/Src/stm32f1xx_hal_pwr.o
LOAD ./Drivers/STM32F1xx_HAL_Driver/Src/stm32f1xx_hal_rcc.o
LOAD ./Drivers/STM32F1xx_HAL_Driver/Src/stm32f1xx_hal_rcc_ex.o
LOAD ./Drivers/STM32F1xx_HAL_Driver/Src/stm32f1xx_hal_spi.o
LOAD ./Drivers/STM32F1xx_HAL_Driver/Src/stm32f1xx_hal_tim.o
LOAD ./Drivers/STM32F1xx_HAL_Driver/Src/stm32f1xx_hal_tim_ex.o
START GROUP
LOAD D:/STM32_IDE/STM32CubeIDE_1.14.0/STM32CubeIDE/plugins/com.st.stm32cube.ide.mcu.externaltools.gnu-tools-for-stm32.11.3.rel1.win32_1.1.100.202309141235/tools/bin/../lib/gcc/arm-none-eabi/11.3.1/../../../../arm-none-eabi/lib/thumb/v7-m/nofp\libc_nano.a
LOAD D:/STM32_IDE/STM32CubeIDE_1.14.0/STM32CubeIDE/plugins/com.st.stm32cube.ide.mcu.externaltools.gnu-tools-for-stm32.11.3.rel1.win32_1.1.100.202309141235/tools/bin/../lib/gcc/arm-none-eabi/11.3.1/../../../../arm-none-eabi/lib/thumb/v7-m/nofp\libm.a
END GROUP
START GROUP
LOAD D:/STM32_IDE/STM32CubeIDE_1.14.0/STM32CubeIDE/plugins/com.st.stm32cube.ide.mcu.externaltools.gnu-tools-for-stm32.11.3.rel1.win32_1.1.100.202309141235/tools/bin/../lib/gcc/arm-none-eabi/11.3.1/thumb/v7-m/nofp\libgcc.a
LOAD D:/STM32_IDE/STM32CubeIDE_1.14.0/STM32CubeIDE/plugins/com.st.stm32cube.ide.mcu.externaltools.gnu-tools-for-stm32.11.3.rel1.win32_1.1.100.202309141235/tools/bin/../lib/gcc/arm-none-eabi/11.3.1/../../../../arm-none-eabi/lib/thumb/v7-m/nofp\libc_nano.a
END GROUP
START GROUP
LOAD D:/STM32_IDE/STM32CubeIDE_1.14.0/STM32CubeIDE/plugins/com.st.stm32cube.ide.mcu.externaltools.gnu-tools-for-stm32.11.3.rel1.win32_1.1.100.202309141235/tools/bin/../lib/gcc/arm-none-eabi/11.3.1/thumb/v7-m/nofp\libgcc.a
LOAD D:/STM32_IDE/STM32CubeIDE_1.14.0/STM32CubeIDE/plugins/com.st.stm32cube.ide.mcu.externaltools.gnu-tools-for-stm32.11.3.rel1.win32_1.1.100.202309141235/tools/bin/../lib/gcc/arm-none-eabi/11.3.1/../../../../arm-none-eabi/lib/thumb/v7-m/nofp\libc_nano.a
LOAD D:/STM32_IDE/STM32CubeIDE_1.14.0/STM32CubeIDE/plugins/com.st.stm32cube.ide.mcu.externaltools.gnu-tools-for-stm32.11.3.rel1.win32_1.1.100.202309141235/tools/bin/../lib/gcc/arm-none-eabi/11.3.1/../../../../arm-none-eabi/lib/thumb/v7-m/nofp\libnosys.a
END GROUP
START GROUP
LOAD D:/STM32_IDE/STM32CubeIDE_1.14.0/STM32CubeIDE/plugins/com.st.stm32cube.ide.mcu.externaltools.gnu-tools-for-stm32.11.3.rel1.win32_1.1.100.202309141235/tools/bin/../lib/gcc/arm-none-eabi/11.3.1/thumb/v7-m/nofp\libgcc.a
LOAD D:/STM32_IDE/STM32CubeIDE_1.14.0/STM32CubeIDE/plugins/com.st.stm32cube.ide.mcu.externaltools.gnu-tools-for-stm32.11.3.rel1.win32_1.1.100.202309141235/tools/bin/../lib/gcc/arm-none-eabi/11.3.1/../../../../arm-none-eabi/lib/thumb/v7-m/nofp\libc_nano.a
LOAD D:/STM32_IDE/STM32CubeIDE_1.14.0/STM32CubeIDE/plugins/com.st.stm32cube.ide.mcu.externaltools.gnu-tools-for-stm32.11.3.rel1.win32_1.1.100.202309141235/tools/bin/../lib/gcc/arm-none-eabi/11.3.1/../../../../arm-none-eabi/lib/thumb/v7-m/nofp\libnosys.a
END GROUP
LOAD D:/STM32_IDE/STM32CubeIDE_1.14.0/STM32CubeIDE/plugins/com.st.stm32cube.ide.mcu.externaltools.gnu-tools-for-stm32.11.3.rel1.win32_1.1.100.202309141235/tools/bin/../lib/gcc/arm-none-eabi/11.3.1/thumb/v7-m/nofp/crtend.o
LOAD D:/STM32_IDE/STM32CubeIDE_1.14.0/STM32CubeIDE/plugins/com.st.stm32cube.ide.mcu.externaltools.gnu-tools-for-stm32.11.3.rel1.win32_1.1.100.202309141235/tools/bin/../lib/gcc/arm-none-eabi/11.3.1/thumb/v7-m/nofp/crtn.o
                0x0000000020005000                _estack = (ORIGIN (RAM) + LENGTH (RAM))
                0x0000000000000200                _Min_Heap_Size = 0x200
                0x0000000000000400                _Min_Stack_Size = 0x400

.isr_vector     0x0000000008000000      0x10c
                0x0000000008000000                . = ALIGN (0x4)
 *(.isr_vector)
 .isr_vector    0x0000000008000000      0x10c ./Core/Startup/startup_stm32f103c8tx.o
                0x0000000008000000                g_pfnVectors
                0x000000000800010c                . = ALIGN (0x4)

.text           0x000000000800010c     0x6330
                0x000000000800010c                . = ALIGN (0x4)
 *(.text)
 .text          0x000000000800010c       0x40 D:/STM32_IDE/STM32CubeIDE_1.14.0/STM32CubeIDE/plugins/com.st.stm32cube.ide.mcu.externaltools.gnu-tools-for-stm32.11.3.rel1.win32_1.1.100.202309141235/tools/bin/../lib/gcc/arm-none-eabi/11.3.1/thumb/v7-m/nofp/crtbegin.o
 *(.text*)
 .text.Flash_Erase
                0x000000000800014c       0x38 ./Core/Src/flash.o
                0x000000000800014c                Flash_Erase
 .text.Flash_Write_2Byte
                0x0000000008000184       0x30 ./Core/Src/flash.o
                0x0000000008000184                Flash_Write_2Byte
 .text.Flash_Write_Array
                0x00000000080001b4       0x46 ./Core/Src/flash.o
                0x00000000080001b4                Flash_Write_Array
 .text.Flash_Read_Byte
                0x00000000080001fa       0x18 ./Core/Src/flash.o
                0x00000000080001fa                Flash_Read_Byte
 .text.Flash_Read_2Byte
                0x0000000008000212       0x18 ./Core/Src/flash.o
                0x0000000008000212                Flash_Read_2Byte
 .text.Flash_Read_8Byte
                0x000000000800022a       0x1a ./Core/Src/flash.o
                0x000000000800022a                Flash_Read_8Byte
 .text.Flash_Read_Array
                0x0000000008000244       0x42 ./Core/Src/flash.o
                0x0000000008000244                Flash_Read_Array
 *fill*         0x0000000008000286        0x2 
 .text.Check_Keypad_Column
                0x0000000008000288       0x8c ./Core/Src/keypad4x4.o
 .text.KEYPAD_Read
                0x0000000008000314      0x118 ./Core/Src/keypad4x4.o
                0x0000000008000314                KEYPAD_Read
 .text.CLCD_I2C_Init
                0x000000000800042c       0xd6 ./Core/Src/lcd.o
                0x000000000800042c                CLCD_I2C_Init
 .text.lcd_send_cmd
                0x0000000008000502       0x62 ./Core/Src/lcd.o
                0x0000000008000502                lcd_send_cmd
 .text.lcd_send_data
                0x0000000008000564       0x62 ./Core/Src/lcd.o
                0x0000000008000564                lcd_send_data
 *fill*         0x00000000080005c6        0x2 
 .text.lcd_set_cursor
                0x00000000080005c8       0x54 ./Core/Src/lcd.o
                0x00000000080005c8                lcd_set_cursor
 .text.CLCD_SetCursor
                0x000000000800061c       0x54 ./Core/Src/lcd.o
                0x000000000800061c                CLCD_SetCursor
 .text.CLCD_WriteChar
                0x0000000008000670       0x62 ./Core/Src/lcd.o
                0x0000000008000670                CLCD_WriteChar
 .text.CLCD_WriteString
                0x00000000080006d2       0x2e ./Core/Src/lcd.o
                0x00000000080006d2                CLCD_WriteString
 .text.CLCD_Clear
                0x0000000008000700       0x28 ./Core/Src/lcd.o
                0x0000000008000700                CLCD_Clear
 .text.HAL_TIM_PeriodElapsedCallback
                0x0000000008000728       0x40 ./Core/Src/main.o
                0x0000000008000728                HAL_TIM_PeriodElapsedCallback
 .text.main     0x0000000008000768      0x1c4 ./Core/Src/main.o
                0x0000000008000768                main
 .text.SystemClock_Config
                0x000000000800092c       0x8a ./Core/Src/main.o
                0x000000000800092c                SystemClock_Config
 *fill*         0x00000000080009b6        0x2 
 .text.MX_I2C2_Init
                0x00000000080009b8       0x5c ./Core/Src/main.o
 .text.MX_SPI1_Init
                0x0000000008000a14       0x6c ./Core/Src/main.o
 .text.MX_TIM2_Init
                0x0000000008000a80       0x9c ./Core/Src/main.o
 .text.MX_GPIO_Init
                0x0000000008000b1c      0x13c ./Core/Src/main.o
 .text.checkMENU
                0x0000000008000c58       0x7e ./Core/Src/main.o
                0x0000000008000c58                checkMENU
 .text.checkSELECT
                0x0000000008000cd6       0x7e ./Core/Src/main.o
                0x0000000008000cd6                checkSELECT
 .text.seclectmenu
                0x0000000008000d54     0x1e94 ./Core/Src/main.o
                0x0000000008000d54                seclectmenu
 .text.CheckUID
                0x0000000008002be8       0x58 ./Core/Src/main.o
                0x0000000008002be8                CheckUID
 .text.CheckListUID
                0x0000000008002c40       0x60 ./Core/Src/main.o
                0x0000000008002c40                CheckListUID
 .text.checkcountUID
                0x0000000008002ca0       0x64 ./Core/Src/main.o
                0x0000000008002ca0                checkcountUID
 .text.adduid   0x0000000008002d04      0x118 ./Core/Src/main.o
                0x0000000008002d04                adduid
 .text.checkthe
                0x0000000008002e1c      0x1d8 ./Core/Src/main.o
                0x0000000008002e1c                checkthe
 .text.CheckKey
                0x0000000008002ff4       0x5c ./Core/Src/main.o
                0x0000000008002ff4                CheckKey
 .text.removeuid
                0x0000000008003050       0x1c ./Core/Src/main.o
                0x0000000008003050                removeuid
 .text.startadd
                0x000000000800306c      0x110 ./Core/Src/main.o
                0x000000000800306c                startadd
 .text.setaddress
                0x000000000800317c       0x38 ./Core/Src/main.o
                0x000000000800317c                setaddress
 .text.password_keypad
                0x00000000080031b4      0x130 ./Core/Src/main.o
                0x00000000080031b4                password_keypad
 .text.resetflash
                0x00000000080032e4       0x38 ./Core/Src/main.o
                0x00000000080032e4                resetflash
 .text.Error_Handler
                0x000000000800331c        0xa ./Core/Src/main.o
                0x000000000800331c                Error_Handler
 *fill*         0x0000000008003326        0x2 
 .text.TM_SPI_Send
                0x0000000008003328       0x50 ./Core/Src/rc522.o
                0x0000000008003328                TM_SPI_Send
 .text.TM_MFRC522_Init
                0x0000000008003378       0x48 ./Core/Src/rc522.o
                0x0000000008003378                TM_MFRC522_Init
 .text.TM_MFRC522_Check
                0x00000000080033c0       0x32 ./Core/Src/rc522.o
                0x00000000080033c0                TM_MFRC522_Check
 *fill*         0x00000000080033f2        0x2 
 .text.TM_MFRC522_WriteRegister
                0x00000000080033f4       0x4c ./Core/Src/rc522.o
                0x00000000080033f4                TM_MFRC522_WriteRegister
 .text.TM_MFRC522_ReadRegister
                0x0000000008003440       0x50 ./Core/Src/rc522.o
                0x0000000008003440                TM_MFRC522_ReadRegister
 .text.TM_MFRC522_SetBitMask
                0x0000000008003490       0x34 ./Core/Src/rc522.o
                0x0000000008003490                TM_MFRC522_SetBitMask
 .text.TM_MFRC522_ClearBitMask
                0x00000000080034c4       0x3c ./Core/Src/rc522.o
                0x00000000080034c4                TM_MFRC522_ClearBitMask
 .text.TM_MFRC522_AntennaOn
                0x0000000008003500       0x2a ./Core/Src/rc522.o
                0x0000000008003500                TM_MFRC522_AntennaOn
 .text.TM_MFRC522_Reset
                0x000000000800352a       0x10 ./Core/Src/rc522.o
                0x000000000800352a                TM_MFRC522_Reset
 .text.TM_MFRC522_Request
                0x000000000800353a       0x4a ./Core/Src/rc522.o
                0x000000000800353a                TM_MFRC522_Request
 .text.TM_MFRC522_ToCard
                0x0000000008003584      0x19e ./Core/Src/rc522.o
                0x0000000008003584                TM_MFRC522_ToCard
 .text.TM_MFRC522_Anticoll
                0x0000000008003722       0x7a ./Core/Src/rc522.o
                0x0000000008003722                TM_MFRC522_Anticoll
 .text.TM_MFRC522_CalculateCRC
                0x000000000800379c       0x92 ./Core/Src/rc522.o
                0x000000000800379c                TM_MFRC522_CalculateCRC
 .text.TM_MFRC522_Halt
                0x000000000800382e       0x36 ./Core/Src/rc522.o
                0x000000000800382e                TM_MFRC522_Halt
 .text.HAL_MspInit
                0x0000000008003864       0x64 ./Core/Src/stm32f1xx_hal_msp.o
                0x0000000008003864                HAL_MspInit
 .text.HAL_I2C_MspInit
                0x00000000080038c8       0x80 ./Core/Src/stm32f1xx_hal_msp.o
                0x00000000080038c8                HAL_I2C_MspInit
 .text.HAL_SPI_MspInit
                0x0000000008003948       0x94 ./Core/Src/stm32f1xx_hal_msp.o
                0x0000000008003948                HAL_SPI_MspInit
 .text.HAL_TIM_Base_MspInit
                0x00000000080039dc       0x48 ./Core/Src/stm32f1xx_hal_msp.o
                0x00000000080039dc                HAL_TIM_Base_MspInit
 .text.NMI_Handler
                0x0000000008003a24        0x6 ./Core/Src/stm32f1xx_it.o
                0x0000000008003a24                NMI_Handler
 .text.HardFault_Handler
                0x0000000008003a2a        0x6 ./Core/Src/stm32f1xx_it.o
                0x0000000008003a2a                HardFault_Handler
 .text.MemManage_Handler
                0x0000000008003a30        0x6 ./Core/Src/stm32f1xx_it.o
                0x0000000008003a30                MemManage_Handler
 .text.BusFault_Handler
                0x0000000008003a36        0x6 ./Core/Src/stm32f1xx_it.o
                0x0000000008003a36                BusFault_Handler
 .text.UsageFault_Handler
                0x0000000008003a3c        0x6 ./Core/Src/stm32f1xx_it.o
                0x0000000008003a3c                UsageFault_Handler
 .text.SVC_Handler
                0x0000000008003a42        0xc ./Core/Src/stm32f1xx_it.o
                0x0000000008003a42                SVC_Handler
 .text.DebugMon_Handler
                0x0000000008003a4e        0xc ./Core/Src/stm32f1xx_it.o
                0x0000000008003a4e                DebugMon_Handler
 .text.PendSV_Handler
                0x0000000008003a5a        0xc ./Core/Src/stm32f1xx_it.o
                0x0000000008003a5a                PendSV_Handler
 .text.SysTick_Handler
                0x0000000008003a66        0xc ./Core/Src/stm32f1xx_it.o
                0x0000000008003a66                SysTick_Handler
 *fill*         0x0000000008003a72        0x2 
 .text.TIM2_IRQHandler
                0x0000000008003a74       0x14 ./Core/Src/stm32f1xx_it.o
                0x0000000008003a74                TIM2_IRQHandler
 .text.SystemInit
                0x0000000008003a88        0xc ./Core/Src/system_stm32f1xx.o
                0x0000000008003a88                SystemInit
 .text.Reset_Handler
                0x0000000008003a94       0x48 ./Core/Startup/startup_stm32f103c8tx.o
                0x0000000008003a94                Reset_Handler
 .text.Default_Handler
                0x0000000008003adc        0x2 ./Core/Startup/startup_stm32f103c8tx.o
                0x0000000008003adc                RTC_Alarm_IRQHandler
                0x0000000008003adc                EXTI2_IRQHandler
                0x0000000008003adc                TIM1_CC_IRQHandler
                0x0000000008003adc                PVD_IRQHandler
                0x0000000008003adc                EXTI3_IRQHandler
                0x0000000008003adc                EXTI0_IRQHandler
                0x0000000008003adc                I2C2_EV_IRQHandler
                0x0000000008003adc                ADC1_2_IRQHandler
                0x0000000008003adc                SPI1_IRQHandler
                0x0000000008003adc                TAMPER_IRQHandler
                0x0000000008003adc                DMA1_Channel4_IRQHandler
                0x0000000008003adc                USART3_IRQHandler
                0x0000000008003adc                RTC_IRQHandler
                0x0000000008003adc                DMA1_Channel7_IRQHandler
                0x0000000008003adc                CAN1_RX1_IRQHandler
                0x0000000008003adc                TIM4_IRQHandler
                0x0000000008003adc                I2C1_EV_IRQHandler
                0x0000000008003adc                DMA1_Channel6_IRQHandler
                0x0000000008003adc                TIM3_IRQHandler
                0x0000000008003adc                RCC_IRQHandler
                0x0000000008003adc                TIM1_TRG_COM_IRQHandler
                0x0000000008003adc                DMA1_Channel1_IRQHandler
                0x0000000008003adc                Default_Handler
                0x0000000008003adc                EXTI15_10_IRQHandler
                0x0000000008003adc                EXTI9_5_IRQHandler
                0x0000000008003adc                SPI2_IRQHandler
                0x0000000008003adc                DMA1_Channel5_IRQHandler
                0x0000000008003adc                EXTI4_IRQHandler
                0x0000000008003adc                USB_LP_CAN1_RX0_IRQHandler
                0x0000000008003adc                USB_HP_CAN1_TX_IRQHandler
                0x0000000008003adc                DMA1_Channel3_IRQHandler
                0x0000000008003adc                TIM1_UP_IRQHandler
                0x0000000008003adc                WWDG_IRQHandler
                0x0000000008003adc                TIM1_BRK_IRQHandler
                0x0000000008003adc                EXTI1_IRQHandler
                0x0000000008003adc                USART2_IRQHandler
                0x0000000008003adc                I2C2_ER_IRQHandler
                0x0000000008003adc                DMA1_Channel2_IRQHandler
                0x0000000008003adc                CAN1_SCE_IRQHandler
                0x0000000008003adc                FLASH_IRQHandler
                0x0000000008003adc                USART1_IRQHandler
                0x0000000008003adc                I2C1_ER_IRQHandler
                0x0000000008003adc                USBWakeUp_IRQHandler
 *fill*         0x0000000008003ade        0x2 
 .text.HAL_Init
                0x0000000008003ae0       0x2c ./Drivers/STM32F1xx_HAL_Driver/Src/stm32f1xx_hal.o
                0x0000000008003ae0                HAL_Init
 .text.HAL_InitTick
                0x0000000008003b0c       0x60 ./Drivers/STM32F1xx_HAL_Driver/Src/stm32f1xx_hal.o
                0x0000000008003b0c                HAL_InitTick
 .text.HAL_IncTick
                0x0000000008003b6c       0x24 ./Drivers/STM32F1xx_HAL_Driver/Src/stm32f1xx_hal.o
                0x0000000008003b6c                HAL_IncTick
 .text.HAL_GetTick
                0x0000000008003b90       0x14 ./Drivers/STM32F1xx_HAL_Driver/Src/stm32f1xx_hal.o
                0x0000000008003b90                HAL_GetTick
 .text.HAL_Delay
                0x0000000008003ba4       0x48 ./Drivers/STM32F1xx_HAL_Driver/Src/stm32f1xx_hal.o
                0x0000000008003ba4                HAL_Delay
 .text.__NVIC_SetPriorityGrouping
                0x0000000008003bec       0x48 ./Drivers/STM32F1xx_HAL_Driver/Src/stm32f1xx_hal_cortex.o
 .text.__NVIC_GetPriorityGrouping
                0x0000000008003c34       0x1c ./Drivers/STM32F1xx_HAL_Driver/Src/stm32f1xx_hal_cortex.o
 .text.__NVIC_EnableIRQ
                0x0000000008003c50       0x38 ./Drivers/STM32F1xx_HAL_Driver/Src/stm32f1xx_hal_cortex.o
 .text.__NVIC_SetPriority
                0x0000000008003c88       0x54 ./Drivers/STM32F1xx_HAL_Driver/Src/stm32f1xx_hal_cortex.o
 .text.NVIC_EncodePriority
                0x0000000008003cdc       0x64 ./Drivers/STM32F1xx_HAL_Driver/Src/stm32f1xx_hal_cortex.o
 .text.SysTick_Config
                0x0000000008003d40       0x44 ./Drivers/STM32F1xx_HAL_Driver/Src/stm32f1xx_hal_cortex.o
 .text.HAL_NVIC_SetPriorityGrouping
                0x0000000008003d84       0x16 ./Drivers/STM32F1xx_HAL_Driver/Src/stm32f1xx_hal_cortex.o
                0x0000000008003d84                HAL_NVIC_SetPriorityGrouping
 .text.HAL_NVIC_SetPriority
                0x0000000008003d9a       0x38 ./Drivers/STM32F1xx_HAL_Driver/Src/stm32f1xx_hal_cortex.o
                0x0000000008003d9a                HAL_NVIC_SetPriority
 .text.HAL_NVIC_EnableIRQ
                0x0000000008003dd2       0x1c ./Drivers/STM32F1xx_HAL_Driver/Src/stm32f1xx_hal_cortex.o
                0x0000000008003dd2                HAL_NVIC_EnableIRQ
 .text.HAL_SYSTICK_Config
                0x0000000008003dee       0x18 ./Drivers/STM32F1xx_HAL_Driver/Src/stm32f1xx_hal_cortex.o
                0x0000000008003dee                HAL_SYSTICK_Config
 *fill*         0x0000000008003e06        0x2 
 .text.HAL_FLASH_Program
                0x0000000008003e08       0xe0 ./Drivers/STM32F1xx_HAL_Driver/Src/stm32f1xx_hal_flash.o
                0x0000000008003e08                HAL_FLASH_Program
 .text.HAL_FLASH_Unlock
                0x0000000008003ee8       0x4c ./Drivers/STM32F1xx_HAL_Driver/Src/stm32f1xx_hal_flash.o
                0x0000000008003ee8                HAL_FLASH_Unlock
 .text.HAL_FLASH_Lock
                0x0000000008003f34       0x20 ./Drivers/STM32F1xx_HAL_Driver/Src/stm32f1xx_hal_flash.o
                0x0000000008003f34                HAL_FLASH_Lock
 .text.FLASH_Program_HalfWord
                0x0000000008003f54       0x38 ./Drivers/STM32F1xx_HAL_Driver/Src/stm32f1xx_hal_flash.o
 .text.FLASH_WaitForLastOperation
                0x0000000008003f8c       0x8c ./Drivers/STM32F1xx_HAL_Driver/Src/stm32f1xx_hal_flash.o
                0x0000000008003f8c                FLASH_WaitForLastOperation
 .text.FLASH_SetErrorCode
                0x0000000008004018       0xa0 ./Drivers/STM32F1xx_HAL_Driver/Src/stm32f1xx_hal_flash.o
 .text.HAL_FLASHEx_Erase
                0x00000000080040b8       0xd8 ./Drivers/STM32F1xx_HAL_Driver/Src/stm32f1xx_hal_flash_ex.o
                0x00000000080040b8                HAL_FLASHEx_Erase
 .text.FLASH_MassErase
                0x0000000008004190       0x38 ./Drivers/STM32F1xx_HAL_Driver/Src/stm32f1xx_hal_flash_ex.o
 .text.FLASH_PageErase
                0x00000000080041c8       0x40 ./Drivers/STM32F1xx_HAL_Driver/Src/stm32f1xx_hal_flash_ex.o
                0x00000000080041c8                FLASH_PageErase
 .text.HAL_GPIO_Init
                0x0000000008004208      0x308 ./Drivers/STM32F1xx_HAL_Driver/Src/stm32f1xx_hal_gpio.o
                0x0000000008004208                HAL_GPIO_Init
 .text.HAL_GPIO_ReadPin
                0x0000000008004510       0x2e ./Drivers/STM32F1xx_HAL_Driver/Src/stm32f1xx_hal_gpio.o
                0x0000000008004510                HAL_GPIO_ReadPin
 .text.HAL_GPIO_WritePin
                0x000000000800453e       0x30 ./Drivers/STM32F1xx_HAL_Driver/Src/stm32f1xx_hal_gpio.o
                0x000000000800453e                HAL_GPIO_WritePin
 .text.HAL_GPIO_TogglePin
                0x000000000800456e       0x32 ./Drivers/STM32F1xx_HAL_Driver/Src/stm32f1xx_hal_gpio.o
                0x000000000800456e                HAL_GPIO_TogglePin
 .text.HAL_I2C_Init
                0x00000000080045a0      0x288 ./Drivers/STM32F1xx_HAL_Driver/Src/stm32f1xx_hal_i2c.o
                0x00000000080045a0                HAL_I2C_Init
 .text.HAL_I2C_Master_Transmit
                0x0000000008004828      0x1fc ./Drivers/STM32F1xx_HAL_Driver/Src/stm32f1xx_hal_i2c.o
                0x0000000008004828                HAL_I2C_Master_Transmit
 .text.I2C_MasterRequestWrite
                0x0000000008004a24      0x104 ./Drivers/STM32F1xx_HAL_Driver/Src/stm32f1xx_hal_i2c.o
 .text.I2C_WaitOnFlagUntilTimeout
                0x0000000008004b28       0xae ./Drivers/STM32F1xx_HAL_Driver/Src/stm32f1xx_hal_i2c.o
 .text.I2C_WaitOnMasterAddressFlagUntilTimeout
                0x0000000008004bd6       0xfe ./Drivers/STM32F1xx_HAL_Driver/Src/stm32f1xx_hal_i2c.o
 .text.I2C_WaitOnTXEFlagUntilTimeout
                0x0000000008004cd4       0x82 ./Drivers/STM32F1xx_HAL_Driver/Src/stm32f1xx_hal_i2c.o
 .text.I2C_WaitOnBTFFlagUntilTimeout
                0x0000000008004d56       0x82 ./Drivers/STM32F1xx_HAL_Driver/Src/stm32f1xx_hal_i2c.o
 .text.I2C_IsAcknowledgeFailed
                0x0000000008004dd8       0x5c ./Drivers/STM32F1xx_HAL_Driver/Src/stm32f1xx_hal_i2c.o
 .text.HAL_RCC_OscConfig
                0x0000000008004e34      0x504 ./Drivers/STM32F1xx_HAL_Driver/Src/stm32f1xx_hal_rcc.o
                0x0000000008004e34                HAL_RCC_OscConfig
 .text.HAL_RCC_ClockConfig
                0x0000000008005338      0x1d4 ./Drivers/STM32F1xx_HAL_Driver/Src/stm32f1xx_hal_rcc.o
                0x0000000008005338                HAL_RCC_ClockConfig
 .text.HAL_RCC_GetSysClockFreq
                0x000000000800550c       0xbc ./Drivers/STM32F1xx_HAL_Driver/Src/stm32f1xx_hal_rcc.o
                0x000000000800550c                HAL_RCC_GetSysClockFreq
 .text.HAL_RCC_GetHCLKFreq
                0x00000000080055c8       0x14 ./Drivers/STM32F1xx_HAL_Driver/Src/stm32f1xx_hal_rcc.o
                0x00000000080055c8                HAL_RCC_GetHCLKFreq
 .text.HAL_RCC_GetPCLK1Freq
                0x00000000080055dc       0x28 ./Drivers/STM32F1xx_HAL_Driver/Src/stm32f1xx_hal_rcc.o
                0x00000000080055dc                HAL_RCC_GetPCLK1Freq
 .text.RCC_Delay
                0x0000000008005604       0x3c ./Drivers/STM32F1xx_HAL_Driver/Src/stm32f1xx_hal_rcc.o
 .text.HAL_SPI_Init
                0x0000000008005640      0x108 ./Drivers/STM32F1xx_HAL_Driver/Src/stm32f1xx_hal_spi.o
                0x0000000008005640                HAL_SPI_Init
 .text.HAL_SPI_TransmitReceive
                0x0000000008005748      0x344 ./Drivers/STM32F1xx_HAL_Driver/Src/stm32f1xx_hal_spi.o
                0x0000000008005748                HAL_SPI_TransmitReceive
 .text.SPI_WaitFlagStateUntilTimeout
                0x0000000008005a8c      0x110 ./Drivers/STM32F1xx_HAL_Driver/Src/stm32f1xx_hal_spi.o
 .text.SPI_EndRxTxTransaction
                0x0000000008005b9c       0x3c ./Drivers/STM32F1xx_HAL_Driver/Src/stm32f1xx_hal_spi.o
 .text.HAL_TIM_Base_Init
                0x0000000008005bd8       0x9e ./Drivers/STM32F1xx_HAL_Driver/Src/stm32f1xx_hal_tim.o
                0x0000000008005bd8                HAL_TIM_Base_Init
 *fill*         0x0000000008005c76        0x2 
 .text.HAL_TIM_Base_Start_IT
                0x0000000008005c78       0xa4 ./Drivers/STM32F1xx_HAL_Driver/Src/stm32f1xx_hal_tim.o
                0x0000000008005c78                HAL_TIM_Base_Start_IT
 .text.HAL_TIM_IRQHandler
                0x0000000008005d1c      0x210 ./Drivers/STM32F1xx_HAL_Driver/Src/stm32f1xx_hal_tim.o
                0x0000000008005d1c                HAL_TIM_IRQHandler
 .text.HAL_TIM_ConfigClockSource
                0x0000000008005f2c      0x188 ./Drivers/STM32F1xx_HAL_Driver/Src/stm32f1xx_hal_tim.o
                0x0000000008005f2c                HAL_TIM_ConfigClockSource
 .text.HAL_TIM_OC_DelayElapsedCallback
                0x00000000080060b4       0x12 ./Drivers/STM32F1xx_HAL_Driver/Src/stm32f1xx_hal_tim.o
                0x00000000080060b4                HAL_TIM_OC_DelayElapsedCallback
 .text.HAL_TIM_IC_CaptureCallback
                0x00000000080060c6       0x12 ./Drivers/STM32F1xx_HAL_Driver/Src/stm32f1xx_hal_tim.o
                0x00000000080060c6                HAL_TIM_IC_CaptureCallback
 .text.HAL_TIM_PWM_PulseFinishedCallback
                0x00000000080060d8       0x12 ./Drivers/STM32F1xx_HAL_Driver/Src/stm32f1xx_hal_tim.o
                0x00000000080060d8                HAL_TIM_PWM_PulseFinishedCallback
 .text.HAL_TIM_TriggerCallback
                0x00000000080060ea       0x12 ./Drivers/STM32F1xx_HAL_Driver/Src/stm32f1xx_hal_tim.o
                0x00000000080060ea                HAL_TIM_TriggerCallback
 .text.TIM_Base_SetConfig
                0x00000000080060fc       0xc4 ./Drivers/STM32F1xx_HAL_Driver/Src/stm32f1xx_hal_tim.o
                0x00000000080060fc                TIM_Base_SetConfig
 .text.TIM_TI1_ConfigInputStage
                0x00000000080061c0       0x5c ./Drivers/STM32F1xx_HAL_Driver/Src/stm32f1xx_hal_tim.o
 .text.TIM_TI2_ConfigInputStage
                0x000000000800621c       0x5e ./Drivers/STM32F1xx_HAL_Driver/Src/stm32f1xx_hal_tim.o
 .text.TIM_ITRx_SetConfig
                0x000000000800627a       0x34 ./Drivers/STM32F1xx_HAL_Driver/Src/stm32f1xx_hal_tim.o
 .text.TIM_ETR_SetConfig
                0x00000000080062ae       0x3e ./Drivers/STM32F1xx_HAL_Driver/Src/stm32f1xx_hal_tim.o
                0x00000000080062ae                TIM_ETR_SetConfig
 .text.HAL_TIMEx_MasterConfigSynchronization
                0x00000000080062ec       0xbc ./Drivers/STM32F1xx_HAL_Driver/Src/stm32f1xx_hal_tim_ex.o
                0x00000000080062ec                HAL_TIMEx_MasterConfigSynchronization
 .text.HAL_TIMEx_CommutCallback
                0x00000000080063a8       0x12 ./Drivers/STM32F1xx_HAL_Driver/Src/stm32f1xx_hal_tim_ex.o
                0x00000000080063a8                HAL_TIMEx_CommutCallback
 .text.HAL_TIMEx_BreakCallback
                0x00000000080063ba       0x12 ./Drivers/STM32F1xx_HAL_Driver/Src/stm32f1xx_hal_tim_ex.o
                0x00000000080063ba                HAL_TIMEx_BreakCallback
 .text.memset   0x00000000080063cc       0x10 D:/STM32_IDE/STM32CubeIDE_1.14.0/STM32CubeIDE/plugins/com.st.stm32cube.ide.mcu.externaltools.gnu-tools-for-stm32.11.3.rel1.win32_1.1.100.202309141235/tools/bin/../lib/gcc/arm-none-eabi/11.3.1/../../../../arm-none-eabi/lib/thumb/v7-m/nofp\libc_nano.a(libc_a-memset.o)
                0x00000000080063cc                memset
 .text.__libc_init_array
                0x00000000080063dc       0x48 D:/STM32_IDE/STM32CubeIDE_1.14.0/STM32CubeIDE/plugins/com.st.stm32cube.ide.mcu.externaltools.gnu-tools-for-stm32.11.3.rel1.win32_1.1.100.202309141235/tools/bin/../lib/gcc/arm-none-eabi/11.3.1/../../../../arm-none-eabi/lib/thumb/v7-m/nofp\libc_nano.a(libc_a-init.o)
                0x00000000080063dc                __libc_init_array
 *(.glue_7)
 .glue_7        0x0000000008006424        0x0 linker stubs
 *(.glue_7t)
 .glue_7t       0x0000000008006424        0x0 linker stubs
 *(.eh_frame)
 .eh_frame      0x0000000008006424        0x0 D:/STM32_IDE/STM32CubeIDE_1.14.0/STM32CubeIDE/plugins/com.st.stm32cube.ide.mcu.externaltools.gnu-tools-for-stm32.11.3.rel1.win32_1.1.100.202309141235/tools/bin/../lib/gcc/arm-none-eabi/11.3.1/thumb/v7-m/nofp/crtbegin.o
 *(.init)
 .init          0x0000000008006424        0x4 D:/STM32_IDE/STM32CubeIDE_1.14.0/STM32CubeIDE/plugins/com.st.stm32cube.ide.mcu.externaltools.gnu-tools-for-stm32.11.3.rel1.win32_1.1.100.202309141235/tools/bin/../lib/gcc/arm-none-eabi/11.3.1/thumb/v7-m/nofp/crti.o
                0x0000000008006424                _init
 .init          0x0000000008006428        0x8 D:/STM32_IDE/STM32CubeIDE_1.14.0/STM32CubeIDE/plugins/com.st.stm32cube.ide.mcu.externaltools.gnu-tools-for-stm32.11.3.rel1.win32_1.1.100.202309141235/tools/bin/../lib/gcc/arm-none-eabi/11.3.1/thumb/v7-m/nofp/crtn.o
 *(.fini)
 .fini          0x0000000008006430        0x4 D:/STM32_IDE/STM32CubeIDE_1.14.0/STM32CubeIDE/plugins/com.st.stm32cube.ide.mcu.externaltools.gnu-tools-for-stm32.11.3.rel1.win32_1.1.100.202309141235/tools/bin/../lib/gcc/arm-none-eabi/11.3.1/thumb/v7-m/nofp/crti.o
                0x0000000008006430                _fini
 .fini          0x0000000008006434        0x8 D:/STM32_IDE/STM32CubeIDE_1.14.0/STM32CubeIDE/plugins/com.st.stm32cube.ide.mcu.externaltools.gnu-tools-for-stm32.11.3.rel1.win32_1.1.100.202309141235/tools/bin/../lib/gcc/arm-none-eabi/11.3.1/thumb/v7-m/nofp/crtn.o
                0x000000000800643c                . = ALIGN (0x4)
                0x000000000800643c                _etext = .

.vfp11_veneer   0x000000000800643c        0x0
 .vfp11_veneer  0x000000000800643c        0x0 linker stubs

.v4_bx          0x000000000800643c        0x0
 .v4_bx         0x000000000800643c        0x0 linker stubs

.iplt           0x000000000800643c        0x0
 .iplt          0x000000000800643c        0x0 D:/STM32_IDE/STM32CubeIDE_1.14.0/STM32CubeIDE/plugins/com.st.stm32cube.ide.mcu.externaltools.gnu-tools-for-stm32.11.3.rel1.win32_1.1.100.202309141235/tools/bin/../lib/gcc/arm-none-eabi/11.3.1/thumb/v7-m/nofp/crtbegin.o

.rodata         0x000000000800643c      0x524
                0x000000000800643c                . = ALIGN (0x4)
 *(.rodata)
 .rodata        0x000000000800643c      0x4eb ./Core/Src/main.o
 *fill*         0x0000000008006927        0x1 
 .rodata        0x0000000008006928       0x10 ./Drivers/STM32F1xx_HAL_Driver/Src/stm32f1xx_hal_rcc.o
 *(.rodata*)
 .rodata.Keypad_Button_Values
                0x0000000008006938       0x10 ./Core/Src/keypad4x4.o
                0x0000000008006938                Keypad_Button_Values
 .rodata.AHBPrescTable
                0x0000000008006948       0x10 ./Core/Src/system_stm32f1xx.o
                0x0000000008006948                AHBPrescTable
 .rodata.APBPrescTable
                0x0000000008006958        0x8 ./Core/Src/system_stm32f1xx.o
                0x0000000008006958                APBPrescTable
                0x0000000008006960                . = ALIGN (0x4)

.rel.dyn        0x0000000008006960        0x0
 .rel.iplt      0x0000000008006960        0x0 D:/STM32_IDE/STM32CubeIDE_1.14.0/STM32CubeIDE/plugins/com.st.stm32cube.ide.mcu.externaltools.gnu-tools-for-stm32.11.3.rel1.win32_1.1.100.202309141235/tools/bin/../lib/gcc/arm-none-eabi/11.3.1/thumb/v7-m/nofp/crtbegin.o

.ARM.extab      0x0000000008006960        0x0
                0x0000000008006960                . = ALIGN (0x4)
 *(.ARM.extab* .gnu.linkonce.armextab.*)
                0x0000000008006960                . = ALIGN (0x4)

.ARM            0x0000000008006960        0x0
                0x0000000008006960                . = ALIGN (0x4)
                0x0000000008006960                __exidx_start = .
 *(.ARM.exidx*)
                0x0000000008006960                __exidx_end = .
                0x0000000008006960                . = ALIGN (0x4)

.preinit_array  0x0000000008006960        0x0
                0x0000000008006960                . = ALIGN (0x4)
                0x0000000008006960                PROVIDE (__preinit_array_start = .)
 *(.preinit_array*)
                0x0000000008006960                PROVIDE (__preinit_array_end = .)
                0x0000000008006960                . = ALIGN (0x4)

.init_array     0x0000000008006960        0x4
                0x0000000008006960                . = ALIGN (0x4)
                0x0000000008006960                PROVIDE (__init_array_start = .)
 *(SORT_BY_NAME(.init_array.*))
 *(.init_array*)
 .init_array    0x0000000008006960        0x4 D:/STM32_IDE/STM32CubeIDE_1.14.0/STM32CubeIDE/plugins/com.st.stm32cube.ide.mcu.externaltools.gnu-tools-for-stm32.11.3.rel1.win32_1.1.100.202309141235/tools/bin/../lib/gcc/arm-none-eabi/11.3.1/thumb/v7-m/nofp/crtbegin.o
                0x0000000008006964                PROVIDE (__init_array_end = .)
                0x0000000008006964                . = ALIGN (0x4)

.fini_array     0x0000000008006964        0x4
                0x0000000008006964                . = ALIGN (0x4)
                [!provide]                        PROVIDE (__fini_array_start = .)
 *(SORT_BY_NAME(.fini_array.*))
 *(.fini_array*)
 .fini_array    0x0000000008006964        0x4 D:/STM32_IDE/STM32CubeIDE_1.14.0/STM32CubeIDE/plugins/com.st.stm32cube.ide.mcu.externaltools.gnu-tools-for-stm32.11.3.rel1.win32_1.1.100.202309141235/tools/bin/../lib/gcc/arm-none-eabi/11.3.1/thumb/v7-m/nofp/crtbegin.o
                [!provide]                        PROVIDE (__fini_array_end = .)
                0x0000000008006968                . = ALIGN (0x4)
                0x0000000008006968                _sidata = LOADADDR (.data)

.data           0x0000000020000000       0x1c load address 0x0000000008006968
                0x0000000020000000                . = ALIGN (0x4)
                0x0000000020000000                _sdata = .
 *(.data)
 *(.data*)
 .data.exitmenu
                0x0000000020000000        0x1 ./Core/Src/main.o
                0x0000000020000000                exitmenu
 *fill*         0x0000000020000001        0x3 
 .data.AddressUID
                0x0000000020000004        0x4 ./Core/Src/main.o
                0x0000000020000004                AddressUID
 .data.PassWord
                0x0000000020000008        0x6 ./Core/Src/main.o
                0x0000000020000008                PassWord
 *fill*         0x000000002000000e        0x2 
 .data.SystemCoreClock
                0x0000000020000010        0x4 ./Core/Src/system_stm32f1xx.o
                0x0000000020000010                SystemCoreClock
 .data.uwTickPrio
                0x0000000020000014        0x4 ./Drivers/STM32F1xx_HAL_Driver/Src/stm32f1xx_hal.o
                0x0000000020000014                uwTickPrio
 .data.uwTickFreq
                0x0000000020000018        0x1 ./Drivers/STM32F1xx_HAL_Driver/Src/stm32f1xx_hal.o
                0x0000000020000018                uwTickFreq
 *(.RamFunc)
 *(.RamFunc*)
                0x000000002000001c                . = ALIGN (0x4)
 *fill*         0x0000000020000019        0x3 
                0x000000002000001c                _edata = .

.igot.plt       0x000000002000001c        0x0 load address 0x0000000008006984
 .igot.plt      0x000000002000001c        0x0 D:/STM32_IDE/STM32CubeIDE_1.14.0/STM32CubeIDE/plugins/com.st.stm32cube.ide.mcu.externaltools.gnu-tools-for-stm32.11.3.rel1.win32_1.1.100.202309141235/tools/bin/../lib/gcc/arm-none-eabi/11.3.1/thumb/v7-m/nofp/crtbegin.o
                0x000000002000001c                . = ALIGN (0x4)

.bss            0x0000000020000020      0x168 load address 0x0000000008006984
                0x0000000020000020                _sbss = .
                0x0000000020000020                __bss_start__ = _sbss
 *(.bss)
 .bss           0x0000000020000020       0x1c D:/STM32_IDE/STM32CubeIDE_1.14.0/STM32CubeIDE/plugins/com.st.stm32cube.ide.mcu.externaltools.gnu-tools-for-stm32.11.3.rel1.win32_1.1.100.202309141235/tools/bin/../lib/gcc/arm-none-eabi/11.3.1/thumb/v7-m/nofp/crtbegin.o
 *(.bss*)
 .bss.hi2c2     0x000000002000003c       0x54 ./Core/Src/main.o
                0x000000002000003c                hi2c2
 .bss.hspi1     0x0000000020000090       0x58 ./Core/Src/main.o
                0x0000000020000090                hspi1
 .bss.htim2     0x00000000200000e8       0x48 ./Core/Src/main.o
                0x00000000200000e8                htim2
 .bss.CardID    0x0000000020000130       0x10 ./Core/Src/main.o
                0x0000000020000130                CardID
 .bss.LCD1      0x0000000020000140        0xc ./Core/Src/main.o
                0x0000000020000140                LCD1
 .bss.str       0x000000002000014c       0x14 ./Core/Src/main.o
                0x000000002000014c                str
 .bss.uwTick    0x0000000020000160        0x4 ./Drivers/STM32F1xx_HAL_Driver/Src/stm32f1xx_hal.o
                0x0000000020000160                uwTick
 *fill*         0x0000000020000164        0x4 
 .bss.pFlash    0x0000000020000168       0x20 ./Drivers/STM32F1xx_HAL_Driver/Src/stm32f1xx_hal_flash.o
                0x0000000020000168                pFlash
 *(COMMON)
                0x0000000020000188                . = ALIGN (0x4)
                0x0000000020000188                _ebss = .
                0x0000000020000188                __bss_end__ = _ebss

._user_heap_stack
                0x0000000020000188      0x600 load address 0x0000000008006984
                0x0000000020000188                . = ALIGN (0x8)
                [!provide]                        PROVIDE (end = .)
                0x0000000020000188                PROVIDE (_end = .)
                0x0000000020000388                . = (. + _Min_Heap_Size)
 *fill*         0x0000000020000188      0x200 
                0x0000000020000788                . = (. + _Min_Stack_Size)
 *fill*         0x0000000020000388      0x400 
                0x0000000020000788                . = ALIGN (0x8)

/DISCARD/
 libc.a(*)
 libm.a(*)
 libgcc.a(*)

.ARM.attributes
                0x0000000000000000       0x29
 *(.ARM.attributes)
 .ARM.attributes
                0x0000000000000000       0x1d D:/STM32_IDE/STM32CubeIDE_1.14.0/STM32CubeIDE/plugins/com.st.stm32cube.ide.mcu.externaltools.gnu-tools-for-stm32.11.3.rel1.win32_1.1.100.202309141235/tools/bin/../lib/gcc/arm-none-eabi/11.3.1/thumb/v7-m/nofp/crti.o
 .ARM.attributes
                0x000000000000001d       0x2d D:/STM32_IDE/STM32CubeIDE_1.14.0/STM32CubeIDE/plugins/com.st.stm32cube.ide.mcu.externaltools.gnu-tools-for-stm32.11.3.rel1.win32_1.1.100.202309141235/tools/bin/../lib/gcc/arm-none-eabi/11.3.1/thumb/v7-m/nofp/crtbegin.o
 .ARM.attributes
                0x000000000000004a       0x2d ./Core/Src/flash.o
 .ARM.attributes
                0x0000000000000077       0x2d ./Core/Src/keypad4x4.o
 .ARM.attributes
                0x00000000000000a4       0x2d ./Core/Src/lcd.o
 .ARM.attributes
                0x00000000000000d1       0x2d ./Core/Src/main.o
 .ARM.attributes
                0x00000000000000fe       0x2d ./Core/Src/rc522.o
 .ARM.attributes
                0x000000000000012b       0x2d ./Core/Src/stm32f1xx_hal_msp.o
 .ARM.attributes
                0x0000000000000158       0x2d ./Core/Src/stm32f1xx_it.o
 .ARM.attributes
                0x0000000000000185       0x2d ./Core/Src/system_stm32f1xx.o
 .ARM.attributes
                0x00000000000001b2       0x21 ./Core/Startup/startup_stm32f103c8tx.o
 .ARM.attributes
                0x00000000000001d3       0x2d ./Drivers/STM32F1xx_HAL_Driver/Src/stm32f1xx_hal.o
 .ARM.attributes
                0x0000000000000200       0x2d ./Drivers/STM32F1xx_HAL_Driver/Src/stm32f1xx_hal_cortex.o
 .ARM.attributes
                0x000000000000022d       0x2d ./Drivers/STM32F1xx_HAL_Driver/Src/stm32f1xx_hal_flash.o
 .ARM.attributes
                0x000000000000025a       0x2d ./Drivers/STM32F1xx_HAL_Driver/Src/stm32f1xx_hal_flash_ex.o
 .ARM.attributes
                0x0000000000000287       0x2d ./Drivers/STM32F1xx_HAL_Driver/Src/stm32f1xx_hal_gpio.o
 .ARM.attributes
                0x00000000000002b4       0x2d ./Drivers/STM32F1xx_HAL_Driver/Src/stm32f1xx_hal_i2c.o
 .ARM.attributes
                0x00000000000002e1       0x2d ./Drivers/STM32F1xx_HAL_Driver/Src/stm32f1xx_hal_rcc.o
 .ARM.attributes
                0x000000000000030e       0x2d ./Drivers/STM32F1xx_HAL_Driver/Src/stm32f1xx_hal_spi.o
 .ARM.attributes
                0x000000000000033b       0x2d ./Drivers/STM32F1xx_HAL_Driver/Src/stm32f1xx_hal_tim.o
 .ARM.attributes
                0x0000000000000368       0x2d ./Drivers/STM32F1xx_HAL_Driver/Src/stm32f1xx_hal_tim_ex.o
 .ARM.attributes
                0x0000000000000395       0x2d D:/STM32_IDE/STM32CubeIDE_1.14.0/STM32CubeIDE/plugins/com.st.stm32cube.ide.mcu.externaltools.gnu-tools-for-stm32.11.3.rel1.win32_1.1.100.202309141235/tools/bin/../lib/gcc/arm-none-eabi/11.3.1/../../../../arm-none-eabi/lib/thumb/v7-m/nofp\libc_nano.a(libc_a-memset.o)
 .ARM.attributes
                0x00000000000003c2       0x2d D:/STM32_IDE/STM32CubeIDE_1.14.0/STM32CubeIDE/plugins/com.st.stm32cube.ide.mcu.externaltools.gnu-tools-for-stm32.11.3.rel1.win32_1.1.100.202309141235/tools/bin/../lib/gcc/arm-none-eabi/11.3.1/../../../../arm-none-eabi/lib/thumb/v7-m/nofp\libc_nano.a(libc_a-init.o)
 .ARM.attributes
                0x00000000000003ef       0x1d D:/STM32_IDE/STM32CubeIDE_1.14.0/STM32CubeIDE/plugins/com.st.stm32cube.ide.mcu.externaltools.gnu-tools-for-stm32.11.3.rel1.win32_1.1.100.202309141235/tools/bin/../lib/gcc/arm-none-eabi/11.3.1/thumb/v7-m/nofp/crtn.o
OUTPUT(rfid.elf elf32-littlearm)
LOAD linker stubs
LOAD D:/STM32_IDE/STM32CubeIDE_1.14.0/STM32CubeIDE/plugins/com.st.stm32cube.ide.mcu.externaltools.gnu-tools-for-stm32.11.3.rel1.win32_1.1.100.202309141235/tools/bin/../lib/gcc/arm-none-eabi/11.3.1/../../../../arm-none-eabi/lib/thumb/v7-m/nofp\libc.a
LOAD D:/STM32_IDE/STM32CubeIDE_1.14.0/STM32CubeIDE/plugins/com.st.stm32cube.ide.mcu.externaltools.gnu-tools-for-stm32.11.3.rel1.win32_1.1.100.202309141235/tools/bin/../lib/gcc/arm-none-eabi/11.3.1/../../../../arm-none-eabi/lib/thumb/v7-m/nofp\libm.a
LOAD D:/STM32_IDE/STM32CubeIDE_1.14.0/STM32CubeIDE/plugins/com.st.stm32cube.ide.mcu.externaltools.gnu-tools-for-stm32.11.3.rel1.win32_1.1.100.202309141235/tools/bin/../lib/gcc/arm-none-eabi/11.3.1/thumb/v7-m/nofp\libgcc.a

.comment        0x0000000000000000       0x43
 .comment       0x0000000000000000       0x43 D:/STM32_IDE/STM32CubeIDE_1.14.0/STM32CubeIDE/plugins/com.st.stm32cube.ide.mcu.externaltools.gnu-tools-for-stm32.11.3.rel1.win32_1.1.100.202309141235/tools/bin/../lib/gcc/arm-none-eabi/11.3.1/thumb/v7-m/nofp/crtbegin.o
                                         0x44 (size before relaxing)
 .comment       0x0000000000000043       0x44 ./Core/Src/flash.o
 .comment       0x0000000000000043       0x44 ./Core/Src/keypad4x4.o
 .comment       0x0000000000000043       0x44 ./Core/Src/lcd.o
 .comment       0x0000000000000043       0x44 ./Core/Src/main.o
 .comment       0x0000000000000043       0x44 ./Core/Src/rc522.o
 .comment       0x0000000000000043       0x44 ./Core/Src/stm32f1xx_hal_msp.o
 .comment       0x0000000000000043       0x44 ./Core/Src/stm32f1xx_it.o
 .comment       0x0000000000000043       0x44 ./Core/Src/system_stm32f1xx.o
 .comment       0x0000000000000043       0x44 ./Drivers/STM32F1xx_HAL_Driver/Src/stm32f1xx_hal.o
 .comment       0x0000000000000043       0x44 ./Drivers/STM32F1xx_HAL_Driver/Src/stm32f1xx_hal_cortex.o
 .comment       0x0000000000000043       0x44 ./Drivers/STM32F1xx_HAL_Driver/Src/stm32f1xx_hal_flash.o
 .comment       0x0000000000000043       0x44 ./Drivers/STM32F1xx_HAL_Driver/Src/stm32f1xx_hal_flash_ex.o
 .comment       0x0000000000000043       0x44 ./Drivers/STM32F1xx_HAL_Driver/Src/stm32f1xx_hal_gpio.o
 .comment       0x0000000000000043       0x44 ./Drivers/STM32F1xx_HAL_Driver/Src/stm32f1xx_hal_i2c.o
 .comment       0x0000000000000043       0x44 ./Drivers/STM32F1xx_HAL_Driver/Src/stm32f1xx_hal_rcc.o
 .comment       0x0000000000000043       0x44 ./Drivers/STM32F1xx_HAL_Driver/Src/stm32f1xx_hal_spi.o
 .comment       0x0000000000000043       0x44 ./Drivers/STM32F1xx_HAL_Driver/Src/stm32f1xx_hal_tim.o
 .comment       0x0000000000000043       0x44 ./Drivers/STM32F1xx_HAL_Driver/Src/stm32f1xx_hal_tim_ex.o

.debug_info     0x0000000000000000     0xf562
 .debug_info    0x0000000000000000      0x39d ./Core/Src/flash.o
 .debug_info    0x000000000000039d      0x21c ./Core/Src/keypad4x4.o
 .debug_info    0x00000000000005b9      0xf04 ./Core/Src/lcd.o
 .debug_info    0x00000000000014bd     0x196b ./Core/Src/main.o
 .debug_info    0x0000000000002e28      0xcfc ./Core/Src/rc522.o
 .debug_info    0x0000000000003b24     0x1067 ./Core/Src/stm32f1xx_hal_msp.o
 .debug_info    0x0000000000004b8b      0x69c ./Core/Src/stm32f1xx_it.o
 .debug_info    0x0000000000005227      0x222 ./Core/Src/system_stm32f1xx.o
 .debug_info    0x0000000000005449       0x23 ./Core/Startup/startup_stm32f103c8tx.o
 .debug_info    0x000000000000546c      0x704 ./Drivers/STM32F1xx_HAL_Driver/Src/stm32f1xx_hal.o
 .debug_info    0x0000000000005b70      0xa87 ./Drivers/STM32F1xx_HAL_Driver/Src/stm32f1xx_hal_cortex.o
 .debug_info    0x00000000000065f7      0x4f8 ./Drivers/STM32F1xx_HAL_Driver/Src/stm32f1xx_hal_flash.o
 .debug_info    0x0000000000006aef      0x777 ./Drivers/STM32F1xx_HAL_Driver/Src/stm32f1xx_hal_flash_ex.o
 .debug_info    0x0000000000007266      0x5ab ./Drivers/STM32F1xx_HAL_Driver/Src/stm32f1xx_hal_gpio.o
 .debug_info    0x0000000000007811     0x24eb ./Drivers/STM32F1xx_HAL_Driver/Src/stm32f1xx_hal_i2c.o
 .debug_info    0x0000000000009cfc      0x7ee ./Drivers/STM32F1xx_HAL_Driver/Src/stm32f1xx_hal_rcc.o
 .debug_info    0x000000000000a4ea     0x14fe ./Drivers/STM32F1xx_HAL_Driver/Src/stm32f1xx_hal_spi.o
 .debug_info    0x000000000000b9e8     0x2789 ./Drivers/STM32F1xx_HAL_Driver/Src/stm32f1xx_hal_tim.o
 .debug_info    0x000000000000e171     0x13f1 ./Drivers/STM32F1xx_HAL_Driver/Src/stm32f1xx_hal_tim_ex.o

.debug_abbrev   0x0000000000000000     0x2824
 .debug_abbrev  0x0000000000000000      0x167 ./Core/Src/flash.o
 .debug_abbrev  0x0000000000000167      0x163 ./Core/Src/keypad4x4.o
 .debug_abbrev  0x00000000000002ca      0x23f ./Core/Src/lcd.o
 .debug_abbrev  0x0000000000000509      0x37c ./Core/Src/main.o
 .debug_abbrev  0x0000000000000885      0x2c9 ./Core/Src/rc522.o
 .debug_abbrev  0x0000000000000b4e      0x1d7 ./Core/Src/stm32f1xx_hal_msp.o
 .debug_abbrev  0x0000000000000d25      0x191 ./Core/Src/stm32f1xx_it.o
 .debug_abbrev  0x0000000000000eb6      0x13f ./Core/Src/system_stm32f1xx.o
 .debug_abbrev  0x0000000000000ff5       0x12 ./Core/Startup/startup_stm32f103c8tx.o
 .debug_abbrev  0x0000000000001007      0x201 ./Drivers/STM32F1xx_HAL_Driver/Src/stm32f1xx_hal.o
 .debug_abbrev  0x0000000000001208      0x2f8 ./Drivers/STM32F1xx_HAL_Driver/Src/stm32f1xx_hal_cortex.o
 .debug_abbrev  0x0000000000001500      0x250 ./Drivers/STM32F1xx_HAL_Driver/Src/stm32f1xx_hal_flash.o
 .debug_abbrev  0x0000000000001750      0x247 ./Drivers/STM32F1xx_HAL_Driver/Src/stm32f1xx_hal_flash_ex.o
 .debug_abbrev  0x0000000000001997      0x1ca ./Drivers/STM32F1xx_HAL_Driver/Src/stm32f1xx_hal_gpio.o
 .debug_abbrev  0x0000000000001b61      0x2a3 ./Drivers/STM32F1xx_HAL_Driver/Src/stm32f1xx_hal_i2c.o
 .debug_abbrev  0x0000000000001e04      0x2b1 ./Drivers/STM32F1xx_HAL_Driver/Src/stm32f1xx_hal_rcc.o
 .debug_abbrev  0x00000000000020b5      0x284 ./Drivers/STM32F1xx_HAL_Driver/Src/stm32f1xx_hal_spi.o
 .debug_abbrev  0x0000000000002339      0x270 ./Drivers/STM32F1xx_HAL_Driver/Src/stm32f1xx_hal_tim.o
 .debug_abbrev  0x00000000000025a9      0x27b ./Drivers/STM32F1xx_HAL_Driver/Src/stm32f1xx_hal_tim_ex.o

.debug_aranges  0x0000000000000000     0x1160
 .debug_aranges
                0x0000000000000000       0x60 ./Core/Src/flash.o
 .debug_aranges
                0x0000000000000060       0x28 ./Core/Src/keypad4x4.o
 .debug_aranges
                0x0000000000000088       0xb8 ./Core/Src/lcd.o
 .debug_aranges
                0x0000000000000140       0xd0 ./Core/Src/main.o
 .debug_aranges
                0x0000000000000210       0xb8 ./Core/Src/rc522.o
 .debug_aranges
                0x00000000000002c8       0x50 ./Core/Src/stm32f1xx_hal_msp.o
 .debug_aranges
                0x0000000000000318       0x68 ./Core/Src/stm32f1xx_it.o
 .debug_aranges
                0x0000000000000380       0x28 ./Core/Src/system_stm32f1xx.o
 .debug_aranges
                0x00000000000003a8       0x28 ./Core/Startup/startup_stm32f103c8tx.o
 .debug_aranges
                0x00000000000003d0       0xe0 ./Drivers/STM32F1xx_HAL_Driver/Src/stm32f1xx_hal.o
 .debug_aranges
                0x00000000000004b0      0x100 ./Drivers/STM32F1xx_HAL_Driver/Src/stm32f1xx_hal_cortex.o
 .debug_aranges
                0x00000000000005b0       0x88 ./Drivers/STM32F1xx_HAL_Driver/Src/stm32f1xx_hal_flash.o
 .debug_aranges
                0x0000000000000638       0x98 ./Drivers/STM32F1xx_HAL_Driver/Src/stm32f1xx_hal_flash_ex.o
 .debug_aranges
                0x00000000000006d0       0x58 ./Drivers/STM32F1xx_HAL_Driver/Src/stm32f1xx_hal_gpio.o
 .debug_aranges
                0x0000000000000728      0x2a0 ./Drivers/STM32F1xx_HAL_Driver/Src/stm32f1xx_hal_i2c.o
 .debug_aranges
                0x00000000000009c8       0x90 ./Drivers/STM32F1xx_HAL_Driver/Src/stm32f1xx_hal_rcc.o
 .debug_aranges
                0x0000000000000a58      0x1d0 ./Drivers/STM32F1xx_HAL_Driver/Src/stm32f1xx_hal_spi.o
 .debug_aranges
                0x0000000000000c28      0x3d0 ./Drivers/STM32F1xx_HAL_Driver/Src/stm32f1xx_hal_tim.o
 .debug_aranges
                0x0000000000000ff8      0x168 ./Drivers/STM32F1xx_HAL_Driver/Src/stm32f1xx_hal_tim_ex.o

.debug_rnglists
                0x0000000000000000      0xd97
 .debug_rnglists
                0x0000000000000000       0x43 ./Core/Src/flash.o
 .debug_rnglists
                0x0000000000000043       0x1b ./Core/Src/keypad4x4.o
 .debug_rnglists
                0x000000000000005e       0x8a ./Core/Src/lcd.o
 .debug_rnglists
                0x00000000000000e8       0xa1 ./Core/Src/main.o
 .debug_rnglists
                0x0000000000000189       0x8a ./Core/Src/rc522.o
 .debug_rnglists
                0x0000000000000213       0x39 ./Core/Src/stm32f1xx_hal_msp.o
 .debug_rnglists
                0x000000000000024c       0x49 ./Core/Src/stm32f1xx_it.o
 .debug_rnglists
                0x0000000000000295       0x1a ./Core/Src/system_stm32f1xx.o
 .debug_rnglists
                0x00000000000002af       0x19 ./Core/Startup/startup_stm32f103c8tx.o
 .debug_rnglists
                0x00000000000002c8       0xa3 ./Drivers/STM32F1xx_HAL_Driver/Src/stm32f1xx_hal.o
 .debug_rnglists
                0x000000000000036b       0xbb ./Drivers/STM32F1xx_HAL_Driver/Src/stm32f1xx_hal_cortex.o
 .debug_rnglists
                0x0000000000000426       0x66 ./Drivers/STM32F1xx_HAL_Driver/Src/stm32f1xx_hal_flash.o
 .debug_rnglists
                0x000000000000048c       0x74 ./Drivers/STM32F1xx_HAL_Driver/Src/stm32f1xx_hal_flash_ex.o
 .debug_rnglists
                0x0000000000000500       0x3f ./Drivers/STM32F1xx_HAL_Driver/Src/stm32f1xx_hal_gpio.o
 .debug_rnglists
                0x000000000000053f      0x23f ./Drivers/STM32F1xx_HAL_Driver/Src/stm32f1xx_hal_i2c.o
 .debug_rnglists
                0x000000000000077e       0x6c ./Drivers/STM32F1xx_HAL_Driver/Src/stm32f1xx_hal_rcc.o
 .debug_rnglists
                0x00000000000007ea      0x16e ./Drivers/STM32F1xx_HAL_Driver/Src/stm32f1xx_hal_spi.o
 .debug_rnglists
                0x0000000000000958      0x31a ./Drivers/STM32F1xx_HAL_Driver/Src/stm32f1xx_hal_tim.o
 .debug_rnglists
                0x0000000000000c72      0x125 ./Drivers/STM32F1xx_HAL_Driver/Src/stm32f1xx_hal_tim_ex.o

.debug_macro    0x0000000000000000    0x18c64
 .debug_macro   0x0000000000000000      0x285 ./Core/Src/flash.o
 .debug_macro   0x0000000000000285      0xa9c ./Core/Src/flash.o
 .debug_macro   0x0000000000000d21      0x221 ./Core/Src/flash.o
 .debug_macro   0x0000000000000f42       0x2e ./Core/Src/flash.o
 .debug_macro   0x0000000000000f70       0x22 ./Core/Src/flash.o
 .debug_macro   0x0000000000000f92       0x22 ./Core/Src/flash.o
 .debug_macro   0x0000000000000fb4       0x8e ./Core/Src/flash.o
 .debug_macro   0x0000000000001042       0x51 ./Core/Src/flash.o
 .debug_macro   0x0000000000001093      0x103 ./Core/Src/flash.o
 .debug_macro   0x0000000000001196       0x6a ./Core/Src/flash.o
 .debug_macro   0x0000000000001200      0x1df ./Core/Src/flash.o
 .debug_macro   0x00000000000013df       0x1c ./Core/Src/flash.o
 .debug_macro   0x00000000000013fb       0x22 ./Core/Src/flash.o
 .debug_macro   0x000000000000141d       0xbd ./Core/Src/flash.o
 .debug_macro   0x00000000000014da      0xd23 ./Core/Src/flash.o
 .debug_macro   0x00000000000021fd     0xe09e ./Core/Src/flash.o
 .debug_macro   0x000000000001029b       0x6d ./Core/Src/flash.o
 .debug_macro   0x0000000000010308     0x3468 ./Core/Src/flash.o
 .debug_macro   0x0000000000013770      0x174 ./Core/Src/flash.o
 .debug_macro   0x00000000000138e4       0x5c ./Core/Src/flash.o
 .debug_macro   0x0000000000013940      0x5be ./Core/Src/flash.o
 .debug_macro   0x0000000000013efe      0x289 ./Core/Src/flash.o
 .debug_macro   0x0000000000014187      0x1cb ./Core/Src/flash.o
 .debug_macro   0x0000000000014352      0x114 ./Core/Src/flash.o
 .debug_macro   0x0000000000014466      0x1b2 ./Core/Src/flash.o
 .debug_macro   0x0000000000014618       0x27 ./Core/Src/flash.o
 .debug_macro   0x000000000001463f      0x136 ./Core/Src/flash.o
 .debug_macro   0x0000000000014775      0x1bc ./Core/Src/flash.o
 .debug_macro   0x0000000000014931       0x34 ./Core/Src/flash.o
 .debug_macro   0x0000000000014965       0x3c ./Core/Src/flash.o
 .debug_macro   0x00000000000149a1       0x57 ./Core/Src/flash.o
 .debug_macro   0x00000000000149f8       0x88 ./Core/Src/flash.o
 .debug_macro   0x0000000000014a80      0x241 ./Core/Src/flash.o
 .debug_macro   0x0000000000014cc1      0x287 ./Core/Src/flash.o
 .debug_macro   0x0000000000014f48      0x141 ./Core/Src/flash.o
 .debug_macro   0x0000000000015089      0x217 ./Core/Src/flash.o
 .debug_macro   0x00000000000152a0      0x8d1 ./Core/Src/flash.o
 .debug_macro   0x0000000000015b71       0x83 ./Core/Src/flash.o
 .debug_macro   0x0000000000015bf4       0x61 ./Core/Src/flash.o
 .debug_macro   0x0000000000015c55       0x24 ./Core/Src/flash.o
 .debug_macro   0x0000000000015c79       0x43 ./Core/Src/flash.o
 .debug_macro   0x0000000000015cbc       0x34 ./Core/Src/flash.o
 .debug_macro   0x0000000000015cf0       0x16 ./Core/Src/flash.o
 .debug_macro   0x0000000000015d06       0x43 ./Core/Src/flash.o
 .debug_macro   0x0000000000015d49       0x34 ./Core/Src/flash.o
 .debug_macro   0x0000000000015d7d       0x10 ./Core/Src/flash.o
 .debug_macro   0x0000000000015d8d       0x58 ./Core/Src/flash.o
 .debug_macro   0x0000000000015de5       0x8e ./Core/Src/flash.o
 .debug_macro   0x0000000000015e73       0x1c ./Core/Src/flash.o
 .debug_macro   0x0000000000015e8f      0x177 ./Core/Src/flash.o
 .debug_macro   0x0000000000016006      0x369 ./Core/Src/flash.o
 .debug_macro   0x000000000001636f       0x10 ./Core/Src/flash.o
 .debug_macro   0x000000000001637f       0x35 ./Core/Src/flash.o
 .debug_macro   0x00000000000163b4       0x20 ./Core/Src/flash.o
 .debug_macro   0x00000000000163d4      0x204 ./Core/Src/keypad4x4.o
 .debug_macro   0x00000000000165d8       0x6a ./Core/Src/keypad4x4.o
 .debug_macro   0x0000000000016642      0x1bc ./Core/Src/lcd.o
 .debug_macro   0x00000000000167fe      0x120 ./Core/Src/lcd.o
 .debug_macro   0x000000000001691e      0x2ef ./Core/Src/main.o
 .debug_macro   0x0000000000016c0d       0x34 ./Core/Src/main.o
 .debug_macro   0x0000000000016c41       0x16 ./Core/Src/main.o
 .debug_macro   0x0000000000016c57       0x10 ./Core/Src/main.o
 .debug_macro   0x0000000000016c67       0x16 ./Core/Src/main.o
 .debug_macro   0x0000000000016c7d       0x16 ./Core/Src/main.o
 .debug_macro   0x0000000000016c93      0x147 ./Core/Src/main.o
 .debug_macro   0x0000000000016dda      0x126 ./Core/Src/main.o
 .debug_macro   0x0000000000016f00      0x21a ./Core/Src/main.o
 .debug_macro   0x000000000001711a       0x16 ./Core/Src/main.o
 .debug_macro   0x0000000000017130       0x70 ./Core/Src/main.o
 .debug_macro   0x00000000000171a0      0x1bc ./Core/Src/rc522.o
 .debug_macro   0x000000000001735c      0x214 ./Core/Src/rc522.o
 .debug_macro   0x0000000000017570      0x1bc ./Core/Src/stm32f1xx_hal_msp.o
 .debug_macro   0x000000000001772c      0x1c6 ./Core/Src/stm32f1xx_it.o
 .debug_macro   0x00000000000178f2      0x1ad ./Core/Src/system_stm32f1xx.o
 .debug_macro   0x0000000000017a9f      0x1d1 ./Drivers/STM32F1xx_HAL_Driver/Src/stm32f1xx_hal.o
 .debug_macro   0x0000000000017c70      0x1ad ./Drivers/STM32F1xx_HAL_Driver/Src/stm32f1xx_hal_cortex.o
 .debug_macro   0x0000000000017e1d      0x1ad ./Drivers/STM32F1xx_HAL_Driver/Src/stm32f1xx_hal_flash.o
 .debug_macro   0x0000000000017fca      0x1bf ./Drivers/STM32F1xx_HAL_Driver/Src/stm32f1xx_hal_flash_ex.o
 .debug_macro   0x0000000000018189      0x218 ./Drivers/STM32F1xx_HAL_Driver/Src/stm32f1xx_hal_gpio.o
 .debug_macro   0x00000000000183a1      0x1f4 ./Drivers/STM32F1xx_HAL_Driver/Src/stm32f1xx_hal_i2c.o
 .debug_macro   0x0000000000018595      0x1bf ./Drivers/STM32F1xx_HAL_Driver/Src/stm32f1xx_hal_rcc.o
 .debug_macro   0x0000000000018754      0x1b5 ./Drivers/STM32F1xx_HAL_Driver/Src/stm32f1xx_hal_spi.o
 .debug_macro   0x0000000000018909      0x1ae ./Drivers/STM32F1xx_HAL_Driver/Src/stm32f1xx_hal_tim.o
 .debug_macro   0x0000000000018ab7      0x1ad ./Drivers/STM32F1xx_HAL_Driver/Src/stm32f1xx_hal_tim_ex.o

.debug_line     0x0000000000000000    0x13f3c
 .debug_line    0x0000000000000000      0xa8d ./Core/Src/flash.o
 .debug_line    0x0000000000000a8d      0x793 ./Core/Src/keypad4x4.o
 .debug_line    0x0000000000001220      0xb2a ./Core/Src/lcd.o
 .debug_line    0x0000000000001d4a     0x1747 ./Core/Src/main.o
 .debug_line    0x0000000000003491      0xc74 ./Core/Src/rc522.o
 .debug_line    0x0000000000004105      0x7e0 ./Core/Src/stm32f1xx_hal_msp.o
 .debug_line    0x00000000000048e5      0x7e1 ./Core/Src/stm32f1xx_it.o
 .debug_line    0x00000000000050c6      0x785 ./Core/Src/system_stm32f1xx.o
 .debug_line    0x000000000000584b       0x79 ./Core/Startup/startup_stm32f103c8tx.o
 .debug_line    0x00000000000058c4      0x9b2 ./Drivers/STM32F1xx_HAL_Driver/Src/stm32f1xx_hal.o
 .debug_line    0x0000000000006276      0xb9a ./Drivers/STM32F1xx_HAL_Driver/Src/stm32f1xx_hal_cortex.o
 .debug_line    0x0000000000006e10      0xa8f ./Drivers/STM32F1xx_HAL_Driver/Src/stm32f1xx_hal_flash.o
 .debug_line    0x000000000000789f      0xb6a ./Drivers/STM32F1xx_HAL_Driver/Src/stm32f1xx_hal_flash_ex.o
 .debug_line    0x0000000000008409      0xa49 ./Drivers/STM32F1xx_HAL_Driver/Src/stm32f1xx_hal_gpio.o
 .debug_line    0x0000000000008e52     0x3aad ./Drivers/STM32F1xx_HAL_Driver/Src/stm32f1xx_hal_i2c.o
 .debug_line    0x000000000000c8ff      0xdbd ./Drivers/STM32F1xx_HAL_Driver/Src/stm32f1xx_hal_rcc.o
 .debug_line    0x000000000000d6bc     0x1c3e ./Drivers/STM32F1xx_HAL_Driver/Src/stm32f1xx_hal_spi.o
 .debug_line    0x000000000000f2fa     0x3368 ./Drivers/STM32F1xx_HAL_Driver/Src/stm32f1xx_hal_tim.o
 .debug_line    0x0000000000012662     0x18da ./Drivers/STM32F1xx_HAL_Driver/Src/stm32f1xx_hal_tim_ex.o

.debug_str      0x0000000000000000    0x8d8e1
 .debug_str     0x0000000000000000    0x873d3 ./Core/Src/flash.o
                                      0x8773a (size before relaxing)
 .debug_str     0x00000000000873d3      0x667 ./Core/Src/keypad4x4.o
                                      0x84ab7 (size before relaxing)
 .debug_str     0x0000000000087a3a      0xa37 ./Core/Src/lcd.o
                                      0x84fcc (size before relaxing)
 .debug_str     0x0000000000088471     0x1994 ./Core/Src/main.o
                                      0x89bb5 (size before relaxing)
 .debug_str     0x0000000000089e05      0x2d0 ./Core/Src/rc522.o
                                      0x854af (size before relaxing)
 .debug_str     0x000000000008a0d5      0x393 ./Core/Src/stm32f1xx_hal_msp.o
                                      0x85299 (size before relaxing)
 .debug_str     0x000000000008a468       0xec ./Core/Src/stm32f1xx_it.o
                                      0x84a7e (size before relaxing)
 .debug_str     0x000000000008a554       0x7e ./Core/Src/system_stm32f1xx.o
                                      0x844ff (size before relaxing)
 .debug_str     0x000000000008a5d2       0x34 ./Core/Startup/startup_stm32f103c8tx.o
                                         0x5c (size before relaxing)
 .debug_str     0x000000000008a606      0x375 ./Drivers/STM32F1xx_HAL_Driver/Src/stm32f1xx_hal.o
                                      0x84c32 (size before relaxing)
 .debug_str     0x000000000008a97b      0x294 ./Drivers/STM32F1xx_HAL_Driver/Src/stm32f1xx_hal_cortex.o
                                      0x84b7e (size before relaxing)
 .debug_str     0x000000000008ac0f      0x259 ./Drivers/STM32F1xx_HAL_Driver/Src/stm32f1xx_hal_flash.o
                                      0x847da (size before relaxing)
 .debug_str     0x000000000008ae68      0x306 ./Drivers/STM32F1xx_HAL_Driver/Src/stm32f1xx_hal_flash_ex.o
                                      0x84988 (size before relaxing)
 .debug_str     0x000000000008b16e      0x2ae ./Drivers/STM32F1xx_HAL_Driver/Src/stm32f1xx_hal_gpio.o
                                      0x84885 (size before relaxing)
 .debug_str     0x000000000008b41c      0xb6a ./Drivers/STM32F1xx_HAL_Driver/Src/stm32f1xx_hal_i2c.o
                                      0x85573 (size before relaxing)
 .debug_str     0x000000000008bf86      0x209 ./Drivers/STM32F1xx_HAL_Driver/Src/stm32f1xx_hal_rcc.o
                                      0x8492e (size before relaxing)
 .debug_str     0x000000000008c18f      0x517 ./Drivers/STM32F1xx_HAL_Driver/Src/stm32f1xx_hal_spi.o
                                      0x84e2b (size before relaxing)
 .debug_str     0x000000000008c6a6      0xda8 ./Drivers/STM32F1xx_HAL_Driver/Src/stm32f1xx_hal_tim.o
                                      0x85919 (size before relaxing)
 .debug_str     0x000000000008d44e      0x493 ./Drivers/STM32F1xx_HAL_Driver/Src/stm32f1xx_hal_tim_ex.o
                                      0x85135 (size before relaxing)

.debug_frame    0x0000000000000000     0x4918
 .debug_frame   0x0000000000000000      0x170 ./Core/Src/flash.o
 .debug_frame   0x0000000000000170       0x58 ./Core/Src/keypad4x4.o
 .debug_frame   0x00000000000001c8      0x2e0 ./Core/Src/lcd.o
 .debug_frame   0x00000000000004a8      0x328 ./Core/Src/main.o
 .debug_frame   0x00000000000007d0      0x2dc ./Core/Src/rc522.o
 .debug_frame   0x0000000000000aac      0x110 ./Core/Src/stm32f1xx_hal_msp.o
 .debug_frame   0x0000000000000bbc      0x120 ./Core/Src/stm32f1xx_it.o
 .debug_frame   0x0000000000000cdc       0x58 ./Core/Src/system_stm32f1xx.o
 .debug_frame   0x0000000000000d34      0x334 ./Drivers/STM32F1xx_HAL_Driver/Src/stm32f1xx_hal.o
 .debug_frame   0x0000000000001068      0x428 ./Drivers/STM32F1xx_HAL_Driver/Src/stm32f1xx_hal_cortex.o
 .debug_frame   0x0000000000001490      0x20c ./Drivers/STM32F1xx_HAL_Driver/Src/stm32f1xx_hal_flash.o
 .debug_frame   0x000000000000169c      0x258 ./Drivers/STM32F1xx_HAL_Driver/Src/stm32f1xx_hal_flash_ex.o
 .debug_frame   0x00000000000018f4      0x14c ./Drivers/STM32F1xx_HAL_Driver/Src/stm32f1xx_hal_gpio.o
 .debug_frame   0x0000000000001a40      0xc5c ./Drivers/STM32F1xx_HAL_Driver/Src/stm32f1xx_hal_i2c.o
 .debug_frame   0x000000000000269c      0x21c ./Drivers/STM32F1xx_HAL_Driver/Src/stm32f1xx_hal_rcc.o
 .debug_frame   0x00000000000028b8      0x824 ./Drivers/STM32F1xx_HAL_Driver/Src/stm32f1xx_hal_spi.o
 .debug_frame   0x00000000000030dc     0x11b8 ./Drivers/STM32F1xx_HAL_Driver/Src/stm32f1xx_hal_tim.o
 .debug_frame   0x0000000000004294      0x638 ./Drivers/STM32F1xx_HAL_Driver/Src/stm32f1xx_hal_tim_ex.o
 .debug_frame   0x00000000000048cc       0x20 D:/STM32_IDE/STM32CubeIDE_1.14.0/STM32CubeIDE/plugins/com.st.stm32cube.ide.mcu.externaltools.gnu-tools-for-stm32.11.3.rel1.win32_1.1.100.202309141235/tools/bin/../lib/gcc/arm-none-eabi/11.3.1/../../../../arm-none-eabi/lib/thumb/v7-m/nofp\libc_nano.a(libc_a-memset.o)
 .debug_frame   0x00000000000048ec       0x2c D:/STM32_IDE/STM32CubeIDE_1.14.0/STM32CubeIDE/plugins/com.st.stm32cube.ide.mcu.externaltools.gnu-tools-for-stm32.11.3.rel1.win32_1.1.100.202309141235/tools/bin/../lib/gcc/arm-none-eabi/11.3.1/../../../../arm-none-eabi/lib/thumb/v7-m/nofp\libc_nano.a(libc_a-init.o)

.debug_line_str
                0x0000000000000000       0x50
 .debug_line_str
                0x0000000000000000       0x50 ./Core/Startup/startup_stm32f103c8tx.o
                                         0x68 (size before relaxing)
